2025-07-10 01:45:21,756 - ModelTraining - INFO - Iniciando entrenamiento de modelo RandomForest
2025-07-10 01:45:21,758 - ZartruxConfigManager - INFO - Usando directorio de configuración: C:\zarturxia\src\iazar\config
2025-07-10 01:45:21,758 - ZartruxConfigManager - INFO - Clave de cifrado de configuración cargada desde entorno
2025-07-10 01:45:21,759 - ZartruxConfigManager - ERROR - Error de sintaxis en C:\zarturxia\src\iazar\config\ia_config.json: Extra data: line 80 column 3 (char 2159)
2025-07-10 01:45:21,759 - ZartruxConfigManager - ERROR - Error cargando ia_config: [WinError 32] El proceso no tiene acceso al archivo porque está siendo utilizado por otro proceso: 'C:\\zarturxia\\src\\iazar\\config\\ia_config.json' -> 'C:\\zarturxia\\src\\iazar\\config\\ia_config_corrupt_20250710_014521.json'
2025-07-10 01:45:21,760 - ModelTraining - ERROR - Error crítico en el proceso de entrenamiento
Traceback (most recent call last):
  File "C:\zarturxia\src\iazar\utils\config_manager.py", line 276, in get_config
    config_data = json.load(f)
  File "C:\Python313\Lib\json\__init__.py", line 293, in load
    return loads(fp.read(),
        cls=cls, object_hook=object_hook,
        parse_float=parse_float, parse_int=parse_int,
        parse_constant=parse_constant, object_pairs_hook=object_pairs_hook, **kw)
  File "C:\Python313\Lib\json\__init__.py", line 346, in loads
    return _default_decoder.decode(s)
           ~~~~~~~~~~~~~~~~~~~~~~~^^^
  File "C:\Python313\Lib\json\decoder.py", line 348, in decode
    raise JSONDecodeError("Extra data", s, end)
json.decoder.JSONDecodeError: Extra data: line 80 column 3 (char 2159)

During handling of the above exception, another exception occurred:

Traceback (most recent call last):
  File "C:\zarturxia\src\iazar\training\train_model_randomforest.py", line 181, in main
    config = get_ia_config()
  File "C:\zarturxia\src\iazar\utils\config_manager.py", line 443, in get_ia_config
    return ConfigManager().get_config('ia_config')
           ~~~~~~~~~~~~~~~~~~~~~~~~~~^^^^^^^^^^^^^
  File "C:\zarturxia\src\iazar\utils\config_manager.py", line 283, in get_config
    config_path.rename(backup_path)
    ~~~~~~~~~~~~~~~~~~^^^^^^^^^^^^^
  File "C:\Python313\Lib\pathlib\_local.py", line 767, in rename
    os.rename(self, target)
    ~~~~~~~~~^^^^^^^^^^^^^^
PermissionError: [WinError 32] El proceso no tiene acceso al archivo porque está siendo utilizado por otro proceso: 'C:\\zarturxia\\src\\iazar\\config\\ia_config.json' -> 'C:\\zarturxia\\src\\iazar\\config\\ia_config_corrupt_20250710_014521.json'
