2025-07-10 23:40:27 - __main__ - INFO - Configuración cargada correctamente
2025-07-10 23:40:27 - __main__ - INFO - Directorio de modelos creado: models
2025-07-10 23:40:27 - __main__ - WARNING - Modelo no encontrado en models\iazar_model.pkl. Entrenando modelo dummy...
2025-07-10 23:40:27 - __main__ - INFO - Entrenando modelo dummy temporal...
2025-07-10 23:40:27 - __main__ - INFO - Modelo dummy guardado en: models\iazar_model.pkl
2025-07-10 23:40:27 - __main__ - INFO - Predictor inicializado con modelo en models\iazar_model.pkl
2025-07-10 23:40:27 - __main__ - INFO - Conectado a memoria compartida: zartrux_shared_job, zartrux_shared_solution
2025-07-10 23:40:27 - __main__ - INFO - 🚀 Servidor de predicción IA-Zar iniciado
2025-07-10 23:41:31 - __main__ - WARNING - Archivo de lock existente. Puede haber otra instancia en ejecución.
2025-07-10 23:41:31 - __main__ - ERROR - No se pudo adquirir el lock. Saliendo.
2025-07-11 00:18:44 - __main__ - WARNING - Archivo de lock existente. Puede haber otra instancia en ejecución.
2025-07-11 00:18:44 - __main__ - ERROR - No se pudo adquirir el lock. Saliendo.
2025-07-11 00:39:18 - __main__ - WARNING - Archivo de lock existente. Puede haber otra instancia en ejecución.
2025-07-11 00:39:18 - __main__ - ERROR - No se pudo adquirir el lock. Saliendo.
2025-07-11 00:56:32 - __main__ - WARNING - Archivo de lock existente. Puede haber otra instancia en ejecución.
2025-07-11 00:56:32 - __main__ - ERROR - No se pudo adquirir el lock. Saliendo.
2025-07-11 01:06:29 - __main__ - WARNING - Archivo de lock existente. Puede haber otra instancia en ejecución.
2025-07-11 01:06:29 - __main__ - ERROR - No se pudo adquirir el lock. Saliendo.
2025-07-11 01:08:20 - __main__ - WARNING - Archivo de lock existente. Puede haber otra instancia en ejecución.
2025-07-11 01:08:20 - __main__ - ERROR - No se pudo adquirir el lock. Saliendo.
2025-07-11 01:23:40 - __main__ - WARNING - Archivo de lock existente. Puede haber otra instancia en ejecución.
2025-07-11 01:23:40 - __main__ - ERROR - No se pudo adquirir el lock. Saliendo.
2025-07-11 15:33:47 - __main__ - WARNING - Eliminado archivo de lock antiguo
2025-07-11 15:33:47 - __main__ - INFO - Configuración IA cargada correctamente
2025-07-11 15:33:47 - __main__ - WARNING - Usando configuración por defecto para memoria compartida
2025-07-11 15:33:47 - __main__ - INFO - Predictor inicializado con modelo en models\iazar_model.pkl
2025-07-11 15:33:47 - __main__ - ERROR - Memoria compartida no encontrada. Asegúrese de que el proxy está en ejecución.
2025-07-11 15:33:47 - __main__ - CRITICAL - No se pudo inicializar el predictor. Saliendo.
2025-07-11 15:33:47 - __main__ - INFO - Lock liberado
2025-07-11 15:33:47 - __main__ - INFO - Recursos liberados
2025-07-11 15:36:14 - __main__ - INFO - Configuración IA cargada correctamente
2025-07-11 15:36:14 - __main__ - WARNING - Usando configuración por defecto para memoria compartida
2025-07-11 15:36:14 - __main__ - INFO - Predictor inicializado con modelo en models\iazar_model.pkl
2025-07-11 15:36:14 - __main__ - ERROR - Memoria compartida no encontrada. Asegúrese de que el proxy está en ejecución.
2025-07-11 15:36:14 - __main__ - CRITICAL - No se pudo inicializar el predictor. Saliendo.
2025-07-11 15:36:14 - __main__ - INFO - Lock liberado
2025-07-11 15:36:14 - __main__ - INFO - Recursos liberados
2025-07-11 15:36:20 - __main__ - INFO - Configuración IA cargada correctamente
2025-07-11 15:36:20 - __main__ - WARNING - Usando configuración por defecto para memoria compartida
2025-07-11 15:36:20 - __main__ - INFO - Predictor inicializado con modelo en models\iazar_model.pkl
2025-07-11 15:36:20 - __main__ - ERROR - Memoria compartida no encontrada. Asegúrese de que el proxy está en ejecución.
2025-07-11 15:36:20 - __main__ - CRITICAL - No se pudo inicializar el predictor. Saliendo.
2025-07-11 15:36:20 - __main__ - INFO - Lock liberado
2025-07-11 15:36:20 - __main__ - INFO - Recursos liberados
2025-07-11 15:51:34 - __main__ - INFO - Configuración IA cargada correctamente
2025-07-11 15:51:34 - __main__ - WARNING - Usando configuración por defecto para memoria compartida
2025-07-11 15:51:34 - __main__ - INFO - Predictor inicializado con modelo en models\iazar_model.pkl
2025-07-11 15:51:34 - __main__ - INFO - Conectado a memoria compartida: zartrux_shared_job (4096 bytes), zartrux_shared_solution (4096 bytes)
2025-07-11 15:51:34 - __main__ - INFO - 🚀 Servidor de predicción IA-Zar iniciado
2025-07-11 15:52:28 - __main__ - WARNING - Archivo de lock existente. Otra instancia puede estar en ejecución.
2025-07-11 15:52:28 - __main__ - ERROR - No se pudo adquirir el lock. Saliendo.
2025-07-11 20:23:26 - __main__ - WARNING - Eliminado archivo de lock antiguo
2025-07-11 20:23:26 - __main__ - INFO - Configuración IA cargada correctamente
2025-07-11 20:23:26 - __main__ - WARNING - Usando configuración por defecto para memoria compartida
2025-07-11 20:23:26 - __main__ - INFO - Predictor inicializado con modelo en models\iazar_model.pkl
2025-07-11 20:23:26 - __main__ - INFO - Conectado a memoria compartida: zartrux_shared_job (4096 bytes), zartrux_shared_solution (4096 bytes)
2025-07-11 20:23:26 - __main__ - INFO - 🚀 Servidor de predicción IA-Zar iniciado
2025-07-12 02:33:25 - __main__ - WARNING - Eliminado archivo de lock antiguo
2025-07-12 02:33:25 - __main__ - CRITICAL - Error cargando configuración: 'ConfigManager' object has no attribute '_init_manager'
